6253
6241
4118
8571
1479
7589
3624
7107
8144
2344
4862
8539
4100
2582
7752
2871
8111
8113
0824
5323
6159
1766
0414
0990
0797
0817
0996
0750
0852
4894
1104
8501
2615
2337
0433
0819
2258
7765
8153
1053
0986
6230
0687
2981
6188
2965
1512
4238
6220
5346
0830
3029
0795
6215
6136
5747
5343
9177
2227
7676
2964
8110
0334
0917
6975
5331
0386
0444
0893
1106
0918
2665
1776
5708
4031
0871
5309
1785
0947
1552
7923
6191
0469
8564
0652
2229
1174
1063
0261
1763
1017
0728
0905
0421
2332-1
0822
0739-2
2247
0625
5748
6140
0956
8139
1070
8518
3022
5557
0888
2246
4249
5342
1016
0627
0922
6777
0446
4246
1124
0630
0589
8558
4237
7665
7239
0870
5334
8140
0632
2978
4133
6138
1006
5307
2861
6976
0711
0394
1100
7755
0921
8546
6893
0714
0411
0391
5473
7650
7637
2241
0732
1132
5341
8121
4082
4076
2637
0655
0764
8134
0455
0458
0683
1049
0465
2253
6193
7186
4303
6232
8486
0478
6782
2590
1143
8527
7647
1725
0903
1779
1157
8149
1169
0981
6236
1777
0802
0264
9164-1
7811
7229
1784
1163
1008
7520
1095
2983
8514
8115
8476
8154
2248
5802
4090
6174
0898
0679
0461
2287
0719
2961
0950
8504
7924
0467
2239
1789
0892
8137
3023
6031
0435
5718
6785
0700
0443
9176
6164
1110
0984
4305
1732
7110
0913
0865
0798
7657
0978
0980
1050
2251
0708
5710
0419
6061
5796
0886
1021
6195
0661
8485
0265
0904
7753
1729
2233
9182
5564
6820
2627
8123
0773
0242
2640
0432
2231
0883
0554
5366
5324
0396
2596
5492
7540
9179
2378
2250
0662
2634
4878
5335
1131
0580
1029
0561
8471
5322
2238
1500
0794
0622
1146
1161
8523
0890
5327
0726
0475
4310
0964
0972
8549
7942
4292
8569
0908
3033
4137
5326
5325
2966
8118
1748
6170
0995
4476
6897
0735
0682
8540
2249
0834
7664
0413
1107
2211
2631-1
7922
6821
3901
3618
4301
1155
0752
4875
1093
6661
1496
1112
0809
4480
0592
1117
6839
0751
2261
4863
6256
6660
4243
7807
1144
5349
0425
0423
0912
5163
0793
6190
5344
1489
0402
8535
1744
0932
4474
2960
0452
6265
5350
0677
5707
0862
0771
7925
1038
6257
0887
6835
6133
7810
1128
1055
2223
2372
7109
5137
1085
4033
0681
7521
7629
7669
0839
6950
7814
0626
0975
0642
4146
4890
4859
0856
6062
1723
2235
5365
0398
2595
1130
0684
8503
7635
6213
5555
1753
1109
5643
1030
1116
9513
0827
5799
9181
0930
0623
0971
6781
6205
6973
6662
4475
0753
0757
6156
4489
7939
6803
8530
3964
0404
6144
2256
0859
9131
0460
1720
0829
3921
0916
0756
5478
0923
8143
0660
2969
6201
0621
0831
6151
6898
0650
5364
3904
2628
7768
1098
0840
0646
9183
8155
0633
6158
1035
4124
3620
2276
0397
1168
0430
7918
0628
3944
0689
0297
7916
2647
3928
1164
0676
7645
8513
0707
9530
6804
0267
2331
1047
1553
5797
4131
1111
0664
1749
8566
0434
2377
6032
0725
1105
2715
2218
6029
0760
4879
1039
4290
0988
2594
6002
1064
7231
0954
1046
0553
7522
0670
7668
1122
2949
6809
5752
5316
6179
1733
6165
6135
6646
4308
0648
0418
2872
0997
1746
5490
7674
0672
4083
2254
0929
4236
4129
0658
0774
2980
2646
6254
6263
0407
6139
0803
5336
0755-1
9527
9169
1773
7235
7723
0631
6154
6775
1083
8561
4121
5993
4030
0787
2963
1156
0931
0666
1778
4138
7113
2599
4850
8480
6249
0703
4470
0754
2953
4287
0944
8130
3902
8557
1504
0463
1044
1141
5559
3032
4486
2623
1487
5556
4485
2616
1094
0337
1767
8505
0914
0846
6208
5347
8120
1048
2338-1
0657
8567
5332
8099
0266
1714
9160
8112
1147
9510
1042
0468
1752
1077
1072
0629
8125
2382
1173
1791
6000
4297
9529
0451
4893
2945
4081
6264
0408
7183
4141
1712
5099
5853
7108
0665
2597
0849
0439
0889
8563
0736
5563
0763
0405
5994
1082
1769
6004
1485
1119
0705
8512
8538
2345
7603
1071
1137
0474
6786
4289
4252
0263
1148
7232
1488
2170
3025
7940
1486
0724
0693
2368
0761
2216
5479
0441
8488
9515
6157
2591
1781
0868
4298
0907
6030
7230
6010
0799
8517
6204
7675
8455
0979
8543
2374
1491
0853
2967
0477
7666
4028
9524
0739-1
0881
9511
1160
1727
0663
8553
5369
2581
6155
2976
1717
4089
5890
6247
0691
1025
8511
1162
2610
2860
4865
0783
1166
2958
0686
2380
2589
6262
5321
1771
1101
2713
0649
0781
6245
5345
6929
5566
8534
0758
4029
1492
5749
1713
6842
5361
1014
1751
2604
1762
0973
2612
1476
3026
9161
1772
0823
8129
3903
0169
0429
0821
5641
4117
0654
0637
2711
5496
3030
5754
6148
6243
8135
2714
7536
5757
1481
4300
0812
8522
4306
0810
0298
5357
0464
7636
2252
5477
0262
2625
1774
1069
9130
0723
0962
2982
0920
2971
8544
3621
0634
2619
4038
1742
2962
7640
7725
4136
7236
6235
5551
2603
2184
0643
7651
8487
3920
1015
5497
1079
0401
0587
5552
6657
4130
4032
0704
2862
0412
7813
7591
6237
6971
0877
5561
2585
5363
4293
6953
4093
6229
2598
2379
8124
0844
0928
0927
1480
5360
5306
9526
0431
0909
2629
0268
1149
5489
4035
6149
1045
6137
7672
0722
0961
1136
4126
4245
4120
6180
1764
0895
2236
7638
0767
2984
0473
2370
2643
7943
1736
0447
0738
0863
1176
6970
0179
0924
6166
0896
1747
0826
5318
4094
0992
5756
0427
0586
4248
0257
4135
2369
0729
5751
4253
6198
7518
0998
1151
3922
3895
2954
1052
8510
0585
4077
6167
4873
0647
3905
5887
7543
1493
0740
0953
1075
0588
0659
6196
0946
0713
0579
3024
0116
0768-1
0485
8531
6837
7720
6892
2244
7241
2343
0945
2225
0891
0805
0393
0424
8141
5162
1783
1032
1007
8453
7658
5719
1065
5368
1023
5353
3622
0778
6176
1175
6152
1026
0800
1011
6141
1788
6238
7655
6258
5358
5315
4148
2608
0440
0675
3893
0594
2212
0744
2583
4872
6168
5755
1010
6219
4302
1057
8136
1088
0770
9514
0939
7282
8559
0854
1786
5801
1126
2592
5997
9168
7605
9165
1062
2859
4473
4149
0715
1084
7766
0910
1000
4852
0838
1001
7941
2618
0746
0768-2
0825
0639
5996
1135
0985
6194
0638
0702
5317
7648
0951
6147
5642
2986
8479
5709
0471
6649
4291
7767
8470
7240
0243
4241
1040
7724
7184
2605
8105
1027
6234
5354
0410
1715
8520
7234
0974
0399
0690
0560
1722
8532
6189
8106
7228
7185
1484
1115
6150
8152
0699
8560
2245
1092
7604
0775
4874
0919
6145
0620
0640
0671
7754
0624
5311
0448
4247
7652
7538
2709
0731
1118
0737
0906
1503
8515
4860
5888
0727
0983
6115
2593
5553
0712
0875
0832
7594
2951
0558
2645
1474
2702
0813
5647
7634
3794
0970
7920
6834
6244
0417
4853
1013
5493
2171
0741
1745
8545
2638
5102
1103
7633
8145
0636
8506
2288
1036
0791
4855
2947
1061
0454
0861
8509
6187
5644
0769
8533
4854
1009
8147
5310
4088
7641
4128
8508
0845
6142
8142
6060
2968
0453
1097
8556
0836
8107
1031
9184
4484
0698
7678
1551
8150
7237
4472
5355
5476
0933
9129
6197
1759
2215
0428
7285
8108
9178
0828
6146
7112
1091
8529
6011
5753
2956
0678
7756
2712
7117
1134
8541
2626
8552
1043
8484
2376
1113
2630
5166
8490
2642
0873
4242
0926
7719
7266
0779
1022
8133
1739
6162
1755
0938
0755-2
0780
4296
1473
9162
4299
0416
1711
7812
0968
1724
0776
8528
5164
0792
0635
7769
6784
0593
0959
5798
1775
8491
7601
2371
6202
0720
6774
0436
0618
5101
0406
5894
2624
0949
0878
1167
8521
4478
0915
2214
7593
0993
5558
1495
0457
0899
8562
7607
4891
1716
7643
0867
0680
8454
8554
0694
2220
6952
4876
0808
7535
1734
1076
7267
2703
4294
6836
0772
0894
5648
1765
9516-2
1475
5995
4857
1152
3027
1731
1499
1730
2240
6239
7917
0934
9512
1501
9180
4851
4140
1138
6134
6206
5495
0695
0387
8098
3617
8151
5475
2263
0902
1494
2257
1120
4858
0389
1019
5320
8483
2226
6974
6186
4037
8131
0880
7649
7677
6185
7654
6183
0476
4295
0759
0734
6645
0958
4487
1125
4481
6231
7670
6783
0814
7595
0442
1750
8502
0403
2234
0578
6153
6252
2607
8482
0806
4896
4479
7667
2617
1074
0782
2633
0641
0481
2217
2611
0879
6240
5963
0999
8526
1780
0721
0333
4895
8570
4078
0696
0855
7226
0936
4084
0459
2641
7116
4250
1054
6248
0390
6181
6001
1726
1005
8114
2974
0882
0483
5359
4240
4075
2957
4079
4125
3795
6841
0591
0710
2381
9517
8029
8126
1770
2948
4145
0692
2219
5649
5560
2210
0940
3031
7673
7770
2979
6972
4877
1066
8128
0456
0982
6178
7592
7284
4127
0843
6218
1782
1743
2600
2332-2
5835
9167
1790
2222
5100
6217
0796
5488
7187
5554
6951
6063
2710
2977
0937
4861
1740
2587
0785
5863
0590
7938
8568
6009
6260
0874
6221
6182
0409
8477
0811
7656
7644
2242
5165
1099
7537
5330
0709
4307
2609
7590
0952
1080
0730
7115
7921
4144
6161
0790
0847
6172
6163
5312
5800
7182
0784
1096
9528
5999
0967
2346
0833
0644
5314
6203
2243
5098
5962
2985
5487
0901
0866
5328
0987
5367
2584
1067
5308
0688
4147
0651
4239
6780
1756
7718
0697
8478
8489
0685
1108
6209
2271
6199
5702
6894
3892
1760
1159
0786
