4236
0686
1130
7645
5996
0726
0641
2949
0712
8489
1767
0810
0851
9694
1059
6250
0772
0642
2702
0652
5560
6029
0945
2969
8567
6115
0737
7308
5345
7630
2947
7604
0462
6154
6182
0430
4303
0457
7117
5355
3901
5098
7940
6255
0653
6780
2862
0991
5853
4094
1487
6150
6778
0403
7653
5317
8099
8053
0921
0693
8115
2246
5369
6897
2982
0437
7674
7809
7649
1028
6031
2603
8505
0803
6063
5963
7665
2219
8563
8155
0432
0887
6164
6837
6219
3964
2973
1722
2590
0649
5361
8520
3895
1006
1157
6201
0334
2980
0683
4142
8555
7942
1783
4307
5835
6160
6168
7241
2591
1145
4135
2610
2979
2583
5564
8478
7925
8353
8472
1039
5757
2710
0394
5558
0739-1
4890
1119
0970
0733
2974
0895
8568
0444
2960
1744
6009
8527
2593
0461
0775
0981
2236
8526
1498
0639
0391
6174
0557
0697
2953
8477
0629
7651
6247
1087
2215
9164-2
0954
0978
6969
4477
0980
5330
8486
0999
9700
7635
0577
1551
0590
7180
8782
0964
1026
0880
0885
5342
4855
2600
0755-2
5553
0627
9511
0927
3026
7655
1014
0699
8535
2713
0633
1718
0920
2332-1
2585
6835
0242
7039
0418
0934
7238
6197
7671
1135
0776
6649
7658
0631
4296
1081
0650
2243
1486
0632
1008
0472
4030
4027
0904
2951
7650
1056
2271
6952
0866
9130
4239
8530
0671
2711
2604
1151
2261
7924
0466
1029
2370
0807
7283
2210
6032
8557
9015
7040
0780
0674
0628
4861
5797
6233
0738
7042
6097
7267
0962
8529
0919
9165
4121
5476
0897
8556
1060
7181
7108
1497
8491
7594
6005
7723
7227
5335
7643
1512
5166
8569
6202
1126
1139
7805
5888
8133
0963
4488
5318
6214
8519
0335
0782
7538
0426
5863
0297
1041
4134
4080
2592
0765
7237
6136
4093
6838
0723
7640
4287
1734
0560
6167
7719
0470
2616
7755
4125
0783
4858
1170
7920
4090
0263
8795
0888
0908
0835
1720
0942
2587
4298
4480
6060
7644
5353
1728
0594
6210
4141
0420
6950
7636
2255-1
4852
5475
1117
0721
0694
3024
2959
6172
5710
0731
6030
1092
0592
0935
7115
0862
0442
8512
5752
2625
0682
7231
6215
0759
0406
0728
0672
0415
7639
3022
0704
1160
5477
6777
0781
0795
1111
9515
0975
0169
1493
0646
7753
0974
0893
0931
8553
7601
1042
1027
2641
7518
6191
5494
8528
0773
6261
3213
0483
0695
9695
0702
1098
0809
6803
7720
8128
9412
5563
2369
8156
1005
5894
4140
7668
2957
4130
7591
1020
7672
5750
1112
0479
5748
2252
6155
1736
6929
9517
0767
0713
6166
3023
1108
7541
2985
8137
5796
1167
0953
8181
1172
7393
0637
7664
0680
5419
2632
0436
7233
0958
0878
6190
2263
1775
6189
7642
8454
6898
2376
1044
1096
6156
6176
6840
0883
1053
1154
8150
8540
1488
3441
6146
1065
0890
5322
1084
3027
5641
8538
1120
6139
0912
0126
4132
2091
1492
8551
0848
4301
0404
8125
7234
2857
6976
6194
0658
0826
2242
2253
4028
1080
5751
1086
5306
1730
1158
6975
6173
2970
6244
7110
8141
3891
7725
0830
1491
0777
0268
6659
2287
6646
0711
1077
2637
5565
1152
4037
0769
5365
0663
0643
0710
7593
7769
8539
4036
1007
0905
6834
1033
6836
0940
0116
6405
6011
1010
1088
1000
5360
0409
4247
5164
0392
0892
0811
2946
8545
0874
2619
4077
8470
0440
0959
1009
0416
5312
3902
0554
0806
8145
6243
1764
0419
0705
1762
0438
0779
0476
9513
1749
1168
0587
0581
1142
0879
2645
0915
0424
5999
0838
0750
4126
1002
2231
1127
7589
0929
0460
0903
5103
5356
0445
2966
3928
0976
8518
0446
1150
7521
0924
7726
0448
1138
5559
4089
6141
6195
0785
1494
1131
1171
7917
5702
8990
3031
6234
4250
1779
6204
0987
0902
4241
5097
9178
6135
4031
0654
7232
4295
4078
7112
6002
5556
5327
8521
6004
4895
0626
6138
0941
7675
2977
2272
8140
2245
0732
7394
2589
6782
0911
1037
2331
3029
2644
6153
1023
3617
4876
1129
0591
1132
1125
0267
0957
5561
0688
7607
1093
8523
5363
8537
5137
4252
0630
5957
0982
7542
0243
1057
8558
0771
0715
1004
6893
0856
2631-2
0666
6842
6713
2337
1149
0696
0768-1
0475
0336
1067
5481
7641
6133
1732
0907
6144
4289
0262
0714
1072
8515
8487
6206
0624
2860
3621
1103
4868
0739-2
1071
0655
1485
0800
6218
6061
4086
5325
6662
4076
2238
5307
0849
6145
9529
1484
5642
0828
5496
7240
0763
5994
2230
9160
5753
2184
5643
6007
1771
0718
0743
0681
8989
7808
0786
0965
0778
8794
2257
4238
0960
0877
7186
4474
8138
0167
0585
1118
0742
4033
8179
0932
5554
7677
4240
0755-1
1017
1047
5492
8481
7543
1083
7520
4029
0884
2983
0455
8534
1058
1089
0854
6238
2241
1473
0390
2965
2967
7114
1785
9499
0948
9183
0971
0586
2952
0808
4242
1153
5478
6157
0839
1481
6134
4892
4476
1070
2961
8117
8098
7811
1015
6240
0677
0827
8029
2371
1755
5473
9510
5480
6239
0937
2171
3892
8113
0797
0717
7187
5993
0648
4484
5326
4853
2643
4878
1495
2582
4292
5323
8793
0876
8119
2615
2971
2608
5329
0656
1756
8531
4038
9163
4293
8490
0985
0922
3622
8550
0933
2288
0405
6162
5343
0794
0761
4470
4310
4136
6171
1122
0729
9181
6246
1025
6169
0900
9162
0796
6776
0944
0768-2
0647
1858
2251
2948
6147
0443
0480
0689
4849
7522
4243
6263
6137
0619
4245
1772
9516-2
0946
6242
7666
0451
6248
0979
0843
0452
1159
7433
4148
1133
6783
2873
3905
6258
8146
4485
1773
6213
1474
6259
8354
6196
6003
0636
6198
0841
0813
2620
2642
0789
0996
5321
9530
4857
4085
0938
0468
1503
7603
5328
1500
1759
1094
0401
0844
5479
1031
8107
7638
0593
0831
1784
9528
5316
6779
0749
6645
0469
7113
8544
7229
2227
2217
9526
0792
6658
7228
8109
2709
7654
2859
0734
8507
9525
6257
0417
0836
1013
8143
1727
4075
2597
6208
2240
7813
9271
0338
8532
8988
8564
2633
1761
4034
0804
7230
2634
1115
1476
1169
8151
8536
6265
6185
2095
1778
0864
2258
5319
0939
7939
8473
1110
8139
0589
0478
0914
3620
2225
2226
0992
6951
0898
1050
0477
0473
1043
0481
9697
0701
8154
1148
1016
2249
0758
0845
8476
3893
3032
0791
7631
2602
1076
2617
6229
0748
1857
0868
7226
2379
0754
0936
8180
8142
8116
0870
2958
0865
1478
7646
0716
8130
0859
4481
3921
6161
1504
7757
0425
9514
6152
0855
0635
9131
0264
8570
2338-2
1501
5889
4133
6236
8054
1735
1859
6151
0873
4490
4035
5490
7756
6163
2372
1752
8503
1787
2255-2
1729
6165
9180
2216
2584
5487
4862
6000
7722
0463
4119
7537
7535
4850
5802
2254
9169
5991
2861
0972
1175
2586
2842
8106
4137
1156
9014
6970
0747
8509
0745
0298
6010
8524
4248
7184
9270
0956
2232
1075
0389
0706
1774
1763
6781
2248
3033
4143
1770
0386
4146
8111
7767
6252
0670
0703
4893
5314
0853
9177
2221
7724
8560
6062
1024
0684
2630
3028
2344
6177
0901
0816
0458
2629
3795
8152
0896
1754
7770
0952
8147
7239
8346
5101
4294
2715
6237
1109
7434
4149
1144
2712
5162
1155
0625
0917
1038
5324
1123
1275
0916
9696
6971
7634
2239
0821
7536
7771
0456
0943
4083
1019
0387
2841
5644
5337
1740
2986
1712
6786
2956
1105
2714
1054
6774
1741
0580
1121
2623
1788
6142
9353
8480
1475
5336
1116
8144
9699
5491
6841
8561
1141
2247
0414
7285
0730
6820
4874
1034
2968
0410
0950
1114
2338-1
4147
2244
1745
0257
6193
2954
6200
7038
1173
1552
0474
2963
1001
5887
7637
6212
4865
8479
5552
6231
1113
5367
5368
0662
0435
9168
1035
0692
4879
2596
2229
7182
6188
1018
5890
5562
5756
0412
8513
0860
1176
5799
2665
0930
0431
2978
0832
1082
4139
2621
2871
2626
7922
6973
4297
0928
0421
0724
6253
6170
8565
4889
1163
0886
1012
6230
8045
0434
1164
4860
7540
0690
5344
0847
0889
1036
4116
0559
4288
1768
4131
4308
0422
1051
4118
9698
0967
1055
8455
0620
0700
4079
2276
2237
6894
2233
1146
0644
5333
4877
7592
1739
5646
6216
4487
5349
5551
8345
5798
1143
2964
0471
4486
0588
8542
7391
3922
1078
0998
8329
3030
4894
8327
5488
2594
1714
1128
2218
8474
0968
6251
0756
1751
8488
1032
8484
2639
1147
2222
6140
0622
2581
2646
7041
5707
5334
2378
1052
0400
6895
4290
7754
7657
0645
8131
9161
2588
2223
7768
0638
1079
9179
5995
1716
5495
0784
1276
1274
5749
0961
1860
2605
6001
6245
0790
0858
6192
1166
1101
3920
4249
2972
4305
0995
8344
0741
0871
9167
1165
3894
0433
7941
0657
0815
5747
1719
8126
3794
2220
1482
0441
4302
9132
1791
6254
5357
0450
0664
6209
4309
1022
0651
6232
1003
7916
5308
4100
0842
0989
6809
0833
5489
4300
8562
2170
0994
8352
1049
6953
1483
8108
0993
8533
0736
4120
1499
5338
0727
0910
0465
5358
6006
5718
1743
0983
6205
8483
5165
2211
6178
2640
0722
8124
1099
9527
0863
0467
6143
4032
2628
0894
1769
2374
4127
8135
7037
9129
0787
0687
5708
5339
8136
0829
1272
0875
1045
1777
7669
0820
8508
7266
2981
0675
1765
0623
5566
3790
2614
7284
1757
0746
4478
0659
2613
2235
9164-1
0812
2259
4253
9184
6974
4144
0926
2612
0397
1030
0454
0793
0333
0857
0408
1753
1479
9354
2343
6008
0984
8043
8127
6158
4304
0869
7807
0720
7919
2635
8052
2631-1
1161
8105
4479
6221
6220
1731
6896
1091
2382
1134
2373
6256
4856
0413
4251
6199
1511
0618
4891
6949
5557
5648
2209
7766
4081
2381
1724
1061
8134
1068
5366
7921
8781
6892
2375
9516-1
2377
6203
2843
8453
8506
7718
8549
3440
1713
1737
1477
5420
1140
0676
0861
2955
8328
1062
5347
4299
0947
1489
4117
0788
4872
