7601
0951
6192
1495
0429
1780
4299
7923
0710
0621
6716
0648
8542
5352
6892
2253
7939
1139
5889
7434
7519
4079
7543
5360
4297
7542
8537
0788
4124
0906
6500
0787
7112
0263
2380
5963
0966
0414
0397
1047
7650
5554
4130
0724
8150
1727
8477
4076
1101
8116
1031
2967
2858
0799
2975
0771
8526
2983
9181
3904
4120
0735
0800
0786
4288
7674
0483
4148
7604
0928
8501
5480
6000
7940
8990
2331
2382
7664
8514
2984
1781
6238
2981
0706
2210
9700
5329
7643
6144
5099
5488
5347
0657
0707
6809
0719
8566
2224
1034
5707
0333
0458
2953
2234
2232
4309
1770
0758
0892
1156
1049
9180
7652
0969
8503
8327
6241
8353
6142
1028
9697
8154
5992
0930
0883
2634
1074
0654
5798
7591
4033
5332
1777
8098
5368
0692
0769
2873
8149
5353
0727
3624
0828
8482
0394
3794
6897
2367
4085
1737
0910
0876
2618
6184
6011
4874
2245
0693
1132
1053
6896
9160
6207
6235
1050
5349
8110
4119
0649
8525
2252
0679
2256
0338
5346
2218
4146
5363
6263
0297
4029
8510
0949
1037
8560
0822
5802
8473
5648
4308
2976
8512
0962
0997
1027
2223
0750
3620
4031
6197
0988
6060
8470
0434
0410
7719
0558
1512
1138
5322
2640
0450
0790
6195
1733
7238
1783
2970
1115
1041
6236
2843
1498
7941
1126
0560
7641
0867
2237
4473
7433
5163
4245
0643
7395
6033
2227
0438
8529
8567
9517
0796
5164
2247
8119
8506
4868
4490
8045
2590
0404
4865
0827
8115
2702
7536
5341
0640
2712
2222
9167
0785
4251
6894
7942
6193
9270
0628
6172
8478
1790
6186
2589
7810
6245
8329
6061
0440
2711
2872
0760
9516-2
7267
1487
4850
2982
0561
2974
8344
0449
1774
8487
0885
1740
6783
2973
6247
0776
0773
0592
0984
6836
4295
8483
7590
4126
0755-1
0466
1011
4859
5709
4032
1059
1788
1134
0424
0736
0553
4286
0336
3790
5831
5564
1272
5097
0663
0389
6007
0937
5350
6246
0798
0967
1168
8491
0645
5643
0445
0881
0419
3027
5559
0793
2586
5345
5702
4243
9166
5330
0742
2287
2714
0413
1143
5801
0974
4306
9511
9178
0741
6212
0853
2607
2859
1075
1095
5101
0427
1090
1069
7648
0116
1125
2632
2221
5560
0789
1172
0950
4860
6969
3922
6840
7518
2592
8133
1717
1035
9696
0691
0865
0677
0781
1731
3213
1096
1154
0875
6950
1479
0895
2242
8134
4140
0422
1089
0478
0475
8527
5361
1010
1476
8559
0977
2958
2646
0812
6213
1858
2611
6155
6206
6257
0931
2608
0477
1715
2860
1857
7285
6262
0846
0406
1124
8486
0746
2584
0653
4857
2594
0780
0831
6895
0655
7042
1482
6258
7241
0633
1093
4030
0869
5494
1146
4147
8148
6191
8782
1105
4123
7813
1030
6780
0768-2
8540
0772
1110
1504
3905
1046
0807
0403
7921
1043
6167
8538
0713
6646
6200
4125
6713
9528
5313
8128
5100
8105
4472
1147
6177
9698
4300
2871
1743
7718
7116
2713
0835
0468
5161
6176
6151
2376
0965
2645
0557
9499
6229
9510
0469
5162
0752
9176
4250
6253
0975
0401
6134
1163
7811
7807
6218
0463
0635
1718
6115
8536
6202
1736
0958
2963
2623
0774
0864
1755
1164
9526
2613
0722
1130
7808
7809
1161
0838
2610
2581
3441
5994
2643
2257
0705
1029
0433
2375
0859
5320
0632
6029
0936
4131
0779
4127
5887
1127
0829
0996
5477
6777
4853
8330
5344
7111
6097
1091
0849
5489
2638
2947
3442
0809
6264
2343
0666
5359
4138
6774
6233
0465
7038
9169
0879
0476
6201
2217
4876
6250
0814
6159
1738
0986
5316
0871
3891
5331
0415
8142
2220
0436
6173
4852
4489
2601
0618
2600
1758
3443
5757
6154
0407
7037
0933
6775
7282
4287
7754
2644
6147
1719
0393
0431
2263
6419
8795
6803
5309
0593
6009
8551
9132
5749
4080
6203
4877
0851
2977
8117
6230
0998
1484
5307
1553
7665
6143
0821
6005
4093
1119
7943
1137
0680
4481
0995
8508
5553
5102
0887
4478
1070
6820
0637
8511
9529
0751
6786
2225
2260
2647
0973
1000
5497
3723
8517
4139
3025
9177
0678
1048
2965
4889
1040
0435
5334
2276
2230
8571
5710
5649
8509
0723
2368
0905
2946
1082
9525
1786
8547
1103
0924
1775
0836
8137
8179
2665
1003
2986
9163
1274
2861
4118
5566
7918
4236
6160
2969
2949
0939
5996
8153
0837
1120
5800
0437
2971
1493
1067
1785
7771
0630
4084
6030
0644
6216
2966
0759
5323
2374
6139
7720
0761
0755-2
3795
0448
5890
7753
5103
0262
0794
8484
3921
1501
3214
0652
5366
2857
5310
0451
5367
8114
7391
1092
0843
6189
0901
1273
1133
0902
8129
5647
1022
4035
0417
6784
0242
8122
8530
4145
2241
1489
3619
1176
6243
7916
7115
0399
7393
0396
8780
5487
4855
0464
1108
1729
7522
2603
5863
1754
2703
4896
5645
7668
0709
0398
8479
7675
1723
6778
4078
2345
0805
4304
4862
7537
0470
0946
2212
2240
4873
0664
1032
0842
0423
0439
1772
7640
0268
8140
7109
1750
7670
5490
6153
8568
8454
6232
0716
0945
0428
2214
0944
2628
0662
0932
5420
4863
5137
8130
7651
0826
5641
2952
5338
2369
4083
0897
8472
0738
7592
4879
1136
1165
7721
4476
0870
2233
7673
0588
2262
1503
6976
4090
5995
7396
9512
0980
2370
4294
5479
5098
3621
1042
4890
0915
9129
6031
6804
2604
7925
0899
1148
7113
0392
1081
0472
0896
1106
7632
4252
0647
3902
0797
2249
7226
8099
6255
4144
5752
0675
0955
0839
2332-2
4486
1015
1006
0673
0943
0868
0257
0920
1079
4892
8052
4854
0578
7647
0921
1020
0960
0948
5326
1779
0695
4116
6008
0721
0430
1496
2258
0861
0882
2250
0745
4303
1157
7541
2288
0866
2617
0473
8531
6180
0650
6156
7646
0983
1778
0456
2609
8549
1150
0447
6148
0952
4028
2841
5796
1769
0442
1481
2948
0891
1477
1107
0791
8120
9271
0856
0455
0862
5708
2346
0953
6231
8520
2862
1128
5306
4875
0685
7768
5355
0482
5308
6217
8521
1051
0784
4291
2259
1114
6893
2170
0964
6929
6785
8489
0993
2248
8328
9412
8107
5362
7240
1761
0580
0261
0992
1019
1747
8516
1083
4867
1784
2591
7227
8136
0919
0880
8519
5339
0744
1117
1060
0337
1730
0702
2978
6254
6405
7180
0840
0443
0926
5557
6150
4082
5888
1552
3028
0877
8570
1169
5862
0989
7671
6239
0711
7638
5894
0717
5492
1121
1008
8534
7605
0731
8543
0728
9130
0703
8518
2171
0734
6659
4240
0420
0426
0873
0918
0959
7107
1012
0665
4141
1061
1024
2255-2
4305
0634
6204
5561
5340
9354
1725
1052
1099
5753
1118
8111
0402
0942
4137
4034
6179
2595
7667
0265
1276
6170
0894
6835
0708
2228
0763
2615
4290
0335
5997
6242
0893
9694
0698
6219
5493
5799
1490
7540
8146
8539
0586
1009
1086
0660
2619
1072
0462
8988
9179
0756
4475
9184
0737
4244
0661
5318
5336
5333
0619
6875
2246
8562
4128
6198
2715
2985
5797
8124
0421
4037
8354
0686
0467
6952
1757
4471
9183
5369
7654
8141
9015
6196
8522
6260
1787
2272
1860
0411
9527
0671
7602
0938
6141
7186
6220
0730
0981
3024
2709
1025
7230
8156
7656
0792
0935
0446
0587
1762
0911
5325
4487
9514
7766
0820
7722
1485
1142
5552
7635
5351
8485
1753
8471
0739-1
9182
0267
6187
2641
8528
7630
0834
6010
5646
4100
7666
1170
8541
6714
0900
1045
6209
0714
2229
0858
0589
2588
8118
1065
4149
4474
0947
9353
0409
5335
1721
6649
1140
2959
0912
3617
7726
2964
5358
5853
5558
4289
0916
3623
8053
6261
8545
0803
4122
0704
1018
5491
2624
6821
6004
4861
0590
1734
0765
6215
0684
7634
3903
5343
7392
5476
8548
5999
0841
4027
8480
2956
7676
2625
0963
7603
7767
2091
7235
4484
1144
4237
9164-2
1104
8147
6221
4088
0639
2587
8135
7755
6183
1744
2371
5556
3030
0909
0954
9164-1
5311
6838
8453
0627
0400
4480
2332-1
4246
7041
8346
4135
1486
7039
1765
6174
5991
1017
0715
2231
8054
0577
0725
2616
9355
7649
8029
1013
2605
0453
0391
8533
1766
0904
0733
0658
1491
4132
6237
0815
5478
1145
6658
2950
0767
4036
0934
8558
1500
7185
1066
7589
6002
4864
0854
6032
2216
1131
6210
9165
5474
6158
6182
0818
4307
6234
7184
1016
0890
6256
4298
2637
0778
7769
5748
0830
1739
1057
5642
6975
3920
7677
5324
7814
2945
2957
5551
2597
0412
7394
0753
7182
0631
6974
1492
6839
6199
0908
6205
7535
0940
0441
4895
0857
0656
0913
4851
8502
2593
6175
2238
0687
2338-2
4117
0754
7723
1771
6169
8145
0729
4872
1502
0806
1102
0625
6190
6162
2243
0460
6951
7539
0813
0720
4249
6972
1483
3944
8352
0672
8455
1767
4856
8989
7284
5419
8565
0985
4142
6136
7653
1155
1002
6062
1078
0395
8108
4893
8121
2184
4485
4094
4038
2961
7924
7724
0641
7237
7645
5357
0848
1728
1782
0747
8569
0832
1036
8043
1088
2254
1122
1100
5314
0766
6214
1749
8564
9170
6138
0591
5555
1039
0638
4293
4296
0941
7520
7636
0990
1551
9131
1044
6140
7633
6208
1499
1748
1097
2635
0979
0416
0971
0917
2602
0810
8563
2631-1
5998
1141
0743
6781
0689
0874
1742
7108
0651
1859
6178
0852
1494
1063
0925
1473
1480
1735
1123
5751
0987
7812
6251
7234
7658
2631-2
0718
6244
2255-1
0775
0907
7756
7725
0956
1151
2213
1726
0961
1714
7538
9168
4129
7187
3029
5321
3440
1064
8481
0732
6240
0682
8513
0676
1497
8488
5563
0126
2710
2372
5962
2092
0757
7232
