1716
9129
7720
9161
1775
4035
3442
0417
2858
1790
4867
0648
7230
9015
2240
8525
0896
0978
9526
0900
0857
6184
0940
0680
0734
7234
0845
6146
0805
0686
8504
2985
0830
1047
5165
0780
0720
0846
4037
0765
4094
7110
4133
8137
8488
1720
8566
7942
4298
6206
0915
0872
1494
5710
0743
2637
1173
5313
7183
7658
8506
0725
9166
0917
0775
0769
5552
1035
7767
6161
0624
3617
4478
2382
0659
6895
0860
0386
6195
8131
5487
4034
2584
0916
0941
6007
1032
1007
6008
5369
2616
0662
2872
6172
2219
0811
5477
1009
7589
5137
2859
0839
4302
5709
4890
0952
7601
0863
5334
8780
4307
2945
5565
1033
6238
0880
7606
8487
0169
9162
7648
7664
6154
7637
1085
8328
0858
6259
6183
5800
6265
5748
7591
1151
1763
4236
0740
6234
1721
6205
5358
0826
5890
2949
1015
5354
1476
0480
7237
0457
7538
5367
1492
0920
4032
2343
5352
3622
0657
5755
1493
8553
1552
0711
0423
6237
5962
2585
6782
8155
0850
2618
1124
5997
6160
6778
0446
5331
9697
0706
0481
0632
0586
1130
6834
9412
4868
6976
8120
2601
8782
2371
0679
8543
0772
1139
1078
8109
0482
8480
6061
1482
7116
0999
0664
6030
2095
0899
2712
0971
6148
4859
1024
7673
2603
0685
1138
5999
6929
2861
2624
2608
8327
1735
5888
3028
0942
0454
1750
0401
4081
4862
6191
1774
2983
8561
2254
0991
0802
5361
0712
1166
2972
7939
3441
8112
0804
1765
9180
3922
2249
8135
1769
0817
8554
0741
0387
3620
1118
2980
8549
4029
6000
1165
4470
5476
0797
7654
6247
0724
7396
5747
6165
0881
1105
0441
0630
6969
0913
6230
0965
0987
1503
2272
7229
5362
0698
0264
2946
0754
0485
9525
6219
0726
0447
5797
4080
1049
2337
6776
6836
6140
5309
0700
1770
0887
1103
8519
4125
0593
9516-1
0673
3894
2977
1109
1048
7238
7807
6194
1273
2975
0902
5887
0697
8353
7677
4299
0704
7039
2622
1133
2857
8484
0400
5649
0394
0749
2970
8517
8513
0588
1175
7811
2986
2978
0415
4090
4473
8099
2596
0710
2606
4089
0405
6004
1504
1759
0970
8148
6218
0964
7671
9271
1487
0763
5480
6198
8143
6115
5707
5335
0416
2602
5757
0421
0471
7924
5162
2642
8136
0982
2958
0980
2262
0655
8329
0553
5481
7941
0692
0649
3790
0891
1488
2373
8512
1017
8502
7111
7395
0966
1753
1066
1780
8551
0462
4301
0694
1784
0116
5492
1717
2258
6192
8490
0972
4238
7536
0736
2257
0460
6149
8509
2251
1128
4290
0925
0949
8557
6250
0242
2621
5359
0581
7631
4033
1787
2641
0947
2220
6841
8988
1761
8560
2346
1491
6005
1023
6181
7521
0714
0851
7107
0832
6837
0837
4129
1786
6155
0974
2619
5647
2247
0799
1022
5315
3440
1002
5992
2714
8524
1474
0404
6210
1747
1042
2954
0903
8138
8781
2211
0268
4893
0752
0682
0981
0261
0643
5798
4873
9528
6220
7674
8501
1778
7938
7809
4139
6200
0759
0479
4088
6135
8129
7522
2213
0683
8556
6781
6251
0816
7112
0719
1122
1771
1170
1071
4148
5353
1055
9164-2
6173
4078
0783
5490
5749
0665
4243
2214
2956
7653
6262
4876
7593
0893
0458
4296
5363
2229
0975
4891
8044
1730
7392
2184
0810
4120
8029
0931
0792
3624
4123
7916
8116
0990
1056
6202
1749
2842
7518
1745
0407
4294
0652
3618
1723
0472
6249
6009
8794
5863
8516
1777
1712
8139
6662
0634
6264
4124
0641
8330
2345
5493
0639
5420
0848
1758
7726
0660
9696
5753
5957
5317
1148
2230
2255-2
3901
6784
1757
1713
6263
7804
5799
3944
0787
8534
8485
6197
2244
8564
0459
8545
6003
6256
3024
4490
5330
1099
0906
4287
6258
8569
8510
6164
1715
7519
6185
1063
5475
3893
7668
7657
8473
7595
7650
5348
5316
9515
3443
0429
0298
4872
2242
0716
8054
0985
8153
2598
9511
3928
0439
9355
5314
6236
0450
6158
6178
5641
1788
6217
1162
0437
0993
8559
9516-2
3022
7520
1062
0646
2238
7226
0770
1789
0997
1034
8547
6645
0864
2644
0879
5488
1791
0403
6209
0397
4138
7186
1051
0701
7181
4036
2647
0455
3964
7108
0868
7267
2589
0393
6253
5103
8114
1106
5994
6243
0430
0419
2245
7041
0715
2607
0963
0789
8550
0620
8507
6196
6649
2665
6893
1072
5368
1163
1075
7814
0758
2713
9524
1478
4864
0727
6212
6203
0464
5318
5564
8548
0467
8537
4086
2239
9512
8483
6783
6180
1762
0807
8471
0580
5355
0629
1768
1140
1760
1089
8154
9270
0884
8355
1026
0675
4475
0579
4293
0644
1483
5338
0814
5496
0895
0623
0961
1020
2225
2381
0466
7393
4075
0705
2586
8541
1159
2974
4856
1739
0977
2627
0438
1036
6898
0861
8150
0778
1077
0959
2646
1746
8115
1160
1161
6176
7649
8476
0983
7282
7239
0631
0670
0635
6029
2233
1058
0923
0894
3623
1070
8536
0986
4879
0653
1724
7656
1496
2210
6189
0784
8123
7757
1102
0671
5306
5164
0442
4304
0796
0674
2216
2631-2
6150
1069
0426
5312
1087
4083
7647
5751
1155
4252
6821
1110
1499
4027
6714
1152
0969
8118
7187
0897
0750
6152
0445
5099
2613
0559
0922
0333
1006
3025
0924
6208
8503
0825
0717
4248
2643
7922
1107
1073
1119
0793
8110
1061
1783
5349
8489
8535
8482
8527
0988
8132
4309
0590
2715
1726
0936
7433
6240
0914
7721
0883
5324
0690
0912
2091
0767
0795
9178
6142
5648
5350
6241
1785
1767
8479
7227
0781
5333
2376
8107
1044
4479
0637
2223
5801
9160
8521
4484
1050
4244
8538
5360
5559
2947
7535
1092
8531
9514
2583
2587
6186
0431
0951
8108
0398
0849
6187
2605
1113
8478
5097
0585
0618
0179
1502
0760
0592
0829
8152
0855
4082
6838
1074
1734
7667
8122
0798
1011
1480
8053
4472
4250
6193
8539
5560
1097
8532
0888
0788
4242
4117
1171
5102
5497
6840
1744
0587
4471
2982
5341
4853
7594
6214
5708
0638
4305
0399
8472
6163
1081
1054
5862
4857
2226
0822
0444
2610
0420
0973
0589
9132
0422
1068
2710
0962
2338-2
2288
6001
1126
0695
1053
8125
6167
9014
7603
4253
8552
1005
4308
0636
7675
5161
2971
6063
2963
2263
1729
2860
2976
0554
1782
4241
5326
7638
2981
6500
8477
1079
4130
5340
1040
5551
5756
8555
6252
2645
0731
5098
5365
8117
0424
0707
7541
5491
0561
1500
0728
9168
0591
2256
0433
7640
7752
3905
8571
1060
0733
0645
2582
2228
7308
2702
6973
5894
8133
8528
8455
0946
0391
8491
1001
6242
0650
1111
2591
0886
0449
0748
7813
5346
9179
2634
0594
6896
1764
1489
8156
1129
8453
0757
9694
2221
6144
0402
5345
1752
2594
5366
6658
8124
2612
6062
1168
6245
0935
2638
0938
7754
1711
1174
0558
0873
5319
1000
6134
4136
5347
5645
0474
3033
0874
1076
2968
0735
1486
7114
7542
6974
1093
2370
8140
2964
0945
2620
8141
0443
8145
7665
0703
0390
6170
0809
5101
1082
7923
0911
0633
0930
5344
9699
2633
1714
0919
4860
9354
1008
2217
2260
3904
2973
7641
2236
1094
0477
0699
7605
4087
8533
0820
0560
0953
9183
0468
4861
8098
5752
5308
0869
0866
0842
2711
0425
6810
2957
2581
2222
0944
0994
6136
6232
6174
0967
2378
4100
9167
2235
0478
0968
1052
7180
5100
2369
0718
0627
2368
0427
7651
8106
2979
6215
3891
0436
6190
1064
2232
1859
0389
0806
8544
0473
1021
0693
7233
0640
6168
2287
0262
2625
7241
7117
3903
6137
1756
0745
5556
6260
0257
0392
0929
7604
1497
1553
7724
0764
8475
1132
6031
7765
6133
0729
6804
3213
8052
5563
0871
5351
4288
1137
2955
2639
0747
1027
8352
0628
1473
0934
0476
4142
6233
5557
0702
0908
1733
7812
4135
6229
0413
1146
5566
6182
2332-1
2597
0782
4031
2599
0998
6949
2953
2331
8568
0833
8346
4858
2227
5356
0435
7805
5332
0681
0755-1
6785
2271
7639
1276
7184
2862
0812
7646
0790
3895
8454
5963
0844
2246
0877
1016
1156
0907
0409
1067
6657
0904
6141
6803
8518
4485
1083
0786
0656
0878
0577
3026
1125
0676
1154
8181
7719
1857
6156
7810
4476
7756
5310
7655
7940
5646
0771
6239
8121
0428
1100
6033
4119
1743
0768-2
1088
5702
2961
4487
4038
6972
0803
1150
0756
0910
6835
5642
2250
0263
5478
8130
0395
1748
4291
1514
6175
7629
6246
0928
6777
2843
4146
5802
0338
8540
0995
7678
8142
0791
9510
5558
5991
6171
2212
8526
0713
0265
8128
0557
6143
1158
2276
4121
3032
0892
1121
6971
4477
7769
8795
5643
0483
4131
1059
7434
2628
0334
1037
0821
1740
9529
0885
6716
1065
4128
2952
0709
2372
0847
0738
8530
4863
6231
4875
7228
7725
0838
2604
9130
6169
5489
5322
0687
8113
0992
5320
0831
0876
7921
8558
8514
0167
0266
2614
0943
0753
1512
0801
2959
2962
1134
1860
6775
8151
4140
1164
6177
0470
0461
8111
0776
0827
7723
0890
0939
9695
0451
0815
4245
5473
9499
1116
6199
5555
3892
5327
7666
6201
4239
8989
0926
5553
0412
1755
2092
5754
1057
1149
0621
6975
0960
6897
0434
7645
4079
1728
1172
1131
4246
0672
2338-1
1732
4874
0622
1101
8146
4852
4896
1143
1725
2632
0779
2966
4247
6011
4889
5796
4132
1167
1086
9163
1018
7539
6248
5343
4085
8570
0408
0766
4077
5357
0267
0647
6254
0937
2209
1090
5993
2255-1
6244
2965
0774
0755-2
9353
9517
5321
7920
0732
2379
2631-1
6097
1080
0777
3029
6010
0901
2259
1751
8522
8470
6779
0663
0751
0768-1
1141
2617
3920
9700
0808
0337
0661
0836
0723
1731
7391
7642
1495
5495
7602
6875
0484
4126
2841
0410
7037
8147
1781
1114
4122
2171
1157
8127
2380
0739-1
0418
8179
4127
0818
0696
2873
4076
4118
9530
6970
6162
4144
6139
1719
9164-1
7808
5554
7284
2234
1013
0862
0452
1115
0958
0889
4849
2241
8546
0856
